// Jest Snapshot v1, https://goo.gl/fbAQLP

exports[`Avatar Component renders correctly (snapshot) 1`] = `
<Text
  className="dark:white text-base"
>
  Loading
</Text>
`;
